// Jest Snapshot v1, https://goo.gl/fbAQLP

exports[`matches snapshot 1`] = `
<DocumentFragment>
  <form>
    <label
      for="todo"
    >
      What needs doin'?
    </label>
    <input
      id="todo"
      name="todo"
      type="text"
      value=""
    />
    <button
      class="add-btn"
      type="submit"
    >
      Add Todo
    </button>
  </form>
</DocumentFragment>
`;
